// Jest Snapshot v1, https://goo.gl/fbAQLP

exports[`<SignUp /> renders correctly the component 1`] = `
<DocumentFragment>
  <div
    class="d-flex justify-content-center"
  >
    <div
      class="card"
    >
      <div
        class="card-body"
      >
        <form
          class=""
        >
          <div
            class="mb-3"
          >
            <label
              class="form-label"
            >
              signUp.username
            </label>
            <input
              class="form-control"
              data-testid="sign-up-username"
              maxlength="20"
              minlength="6"
              placeholder="signUp.username"
              required=""
              type="text"
            />
          </div>
          <div
            class="mb-3"
          >
            <label
              class="form-label"
            >
              signUp.email
            </label>
            <input
              class="form-control"
              data-testid="sign-up-email"
              placeholder="signUp.email"
              required=""
              type="email"
            />
          </div>
          <div
            class="mb-3"
          >
            <label
              class="form-label"
            >
              signUp.password
            </label>
            <input
              class="form-control"
              data-testid="sign-up-password"
              minlength="6"
              placeholder="signUp.password"
              required=""
              type="password"
            />
          </div>
          <div
            class="mb-3"
          >
            <label
              class="form-label"
            >
              signUp.passwordConfirmation
            </label>
            <input
              class="form-control"
              data-testid="sign-up-password-confirmation"
              placeholder="signUp.passwordConfirmation"
              required=""
              type="password"
            />
          </div>
          <div
            class="d-flex justify-content-between"
          >
            <button
              class="w-100 btn btn-secondary"
              type="button"
            >
              signUp.back
            </button>
            <button
              class="ms-2 w-100 btn btn-primary"
              data-testid="sign-up-submit"
              type="submit"
            >
              signUp.submit
            </button>
          </div>
        </form>
      </div>
    </div>
  </div>
</DocumentFragment>
`;
