// Jest Snapshot v1, https://goo.gl/fbAQLP

exports[`<Error401 /> renders correctly the component 1`] = `
<DocumentFragment>
  <h1>
    Error 401
  </h1>
</DocumentFragment>
`;
