// Jest Snapshot v1, https://goo.gl/fbAQLP

exports[`<Error500 /> renders correctly the component 1`] = `
<DocumentFragment>
  <h1>
    Error 500
  </h1>
</DocumentFragment>
`;
