// Jest Snapshot v1, https://goo.gl/fbAQLP

exports[`<ContactBookShow /> renders correctly the component 1`] = `
<DocumentFragment>
  <div
    class="row"
  >
    <div
      class="col"
    >
      <button
        class="me-2 btn btn-primary"
        type="button"
      >
        contactBooksShow.backBtn
      </button>
      <div
        class="d-flex align-items-center justify-content-between my-4 flex-column flex-md-row"
      >
        <h2>
          contactBooksShow.title
        </h2>
        <button
          class="mt-3 mt-md-0 btn btn-primary"
          type="button"
        >
          contactBooksShow.addContactBtn
        </button>
      </div>
      <div
        class="mb-4"
      >
        <input
          placeholder="contactBooksShow.search"
        />
      </div>
      <div
        class="row"
      />
    </div>
  </div>
</DocumentFragment>
`;
