// Jest Snapshot v1, https://goo.gl/fbAQLP

exports[`<ContactHistoryCard /> renders correctly the component 1`] = `
<DocumentFragment>
  <div
    class="mb-3 card"
  >
    <div
      class="card-body"
    >
      <h4>
        contactHistory.historyDay
      </h4>
      <small
        class="text-secondary"
      >
        contactHistory.name
      </small>
      <p>
        First Second
      </p>
      <small
        class="text-secondary"
      >
        contactHistory.email
      </small>
      <p>
        Test email
      </p>
      <small
        class="text-secondary"
      >
        contactHistory.email
      </small>
      <p>
        Test phone
      </p>
    </div>
  </div>
</DocumentFragment>
`;
